// Vitest Snapshot v1, https://vitest.dev/guide/snapshot.html

exports[`MediaCard common tests: > Should render correctly 1`] = `
<div>
  <div
    class="MuiPaper-root MuiPaper-outlined MuiPaper-rounded MuiCard-root css-1d7yotw-MuiPaper-root-MuiCard-root"
    data-testid="media-card"
  >
    <div
      class="MuiBox-root css-0"
      data-testid="media-card-content"
    >
      <div
        class="MuiBox-root css-79elbk"
      >
        <div
          class="css-s3xtrq"
        >
          <div
            class="css-l9y6au"
          >
            <div
              data-first-child=""
            >
              <svg
                aria-hidden="true"
                class="MuiSvgIcon-root MuiSvgIcon-fontSizeMedium css-1vc4j6a-MuiSvgIcon-root"
                data-testid="PhotoOutlinedIcon"
                focusable="false"
                viewBox="0 0 24 24"
              >
                <path
                  d="M19 5v14H5V5zm0-2H5c-1.1 0-2 .9-2 2v14c0 1.1.9 2 2 2h14c1.1 0 2-.9 2-2V5c0-1.1-.9-2-2-2m-4.86 8.86-3 3.87L9 13.14 6 17h12z"
                />
              </svg>
            </div>
          </div>
        </div>
      </div>
      <div
        class="MuiCardContent-root css-1wo60s5-MuiCardContent-root"
      >
        <div
          class="MuiBox-root css-uudpsy"
        >
          <div
            class="MuiBox-root css-ve33ef"
          >
            <span
              class="MuiTypography-root MuiTypography-caption MuiTypography-noWrap css-11veaxf-MuiTypography-root"
              title="www.onet.pl"
            >
              www.onet.pl
            </span>
            <span
              class="MuiTypography-root MuiTypography-caption MuiTypography-noWrap css-11veaxf-MuiTypography-root"
              title="Najnowsze informacje na temat protestów w stolicy"
            >
              Najnowsze informacje na temat protestów w stolicy
            </span>
            <span
              class="MuiTypography-root MuiTypography-caption MuiTypography-noWrap css-11veaxf-MuiTypography-root"
              title="Aktualizowane na bieżąco z najnowszymi wiadomościami"
            >
              Aktualizowane na bieżąco z najnowszymi wiadomościami
            </span>
          </div>
        </div>
      </div>
    </div>
  </div>
</div>
`;
