// Vitest Snapshot v1, https://vitest.dev/guide/snapshot.html

exports[`Components: SplitButton > should render component with all actions visible after click on dropdown 1`] = `
<div>
  <div
    class="ring-split-button MuiBox-root css-1g7kd96"
  >
    <div
      aria-label="split button"
      class="MuiButtonGroup-root MuiButtonGroup-outlined MuiButtonGroup-horizontal MuiButtonGroup-colorPrimary css-1joretd-MuiButtonGroup-root"
      role="group"
    >
      <div
        class="MuiBox-root css-0"
        data-mui-internal-clone-element="true"
      >
        <button
          class="MuiButtonBase-root MuiButtonGroup-grouped MuiButtonGroup-groupedHorizontal MuiButtonGroup-groupedOutlined MuiButtonGroup-groupedOutlinedHorizontal MuiButtonGroup-groupedOutlinedPrimary MuiButton-root MuiButton-outlined MuiButton-outlinedPrimary MuiButton-sizeMedium MuiButton-outlinedSizeMedium MuiButton-colorPrimary MuiButtonGroup-grouped MuiButtonGroup-groupedHorizontal MuiButtonGroup-groupedOutlined MuiButtonGroup-groupedOutlinedHorizontal MuiButtonGroup-groupedOutlinedPrimary MuiButtonGroup-firstButton css-1blvszr-MuiButtonBase-root-MuiButton-root"
          data-testid="ring-splitbutton"
          tabindex="0"
          type="button"
        >
          Main Action
        </button>
      </div>
      <button
        aria-haspopup="menu"
        aria-label="split button dropdown"
        class="MuiButtonBase-root MuiButtonGroup-grouped MuiButtonGroup-groupedHorizontal MuiButtonGroup-groupedOutlined MuiButtonGroup-groupedOutlinedHorizontal MuiButtonGroup-groupedOutlinedPrimary MuiButton-root MuiButton-outlined MuiButton-outlinedPrimary MuiButton-sizeSmall MuiButton-outlinedSizeSmall MuiButton-colorPrimary MuiButtonGroup-grouped MuiButtonGroup-groupedHorizontal MuiButtonGroup-groupedOutlined MuiButtonGroup-groupedOutlinedHorizontal MuiButtonGroup-groupedOutlinedPrimary MuiButtonGroup-lastButton css-wyro15-MuiButtonBase-root-MuiButton-root"
        data-testid="ring-splitbutton-dropdown"
        tabindex="0"
        type="button"
      >
        <svg
          aria-hidden="true"
          class="MuiSvgIcon-root MuiSvgIcon-fontSizeMedium css-1umw9bq-MuiSvgIcon-root"
          data-testid="ArrowDropDownIcon"
          focusable="false"
          viewBox="0 0 24 24"
        >
          <path
            d="m7 10 5 5 5-5z"
          />
        </svg>
      </button>
    </div>
  </div>
</div>
`;

exports[`Components: SplitButton > should render component with main action disabled 1`] = `
<div>
  <div
    class="ring-split-button MuiBox-root css-1g7kd96"
  >
    <div
      aria-label="split button"
      class="MuiButtonGroup-root MuiButtonGroup-outlined MuiButtonGroup-horizontal MuiButtonGroup-colorPrimary css-1joretd-MuiButtonGroup-root"
      role="group"
    >
      <div
        aria-label="Disabled because of some reason"
        class="MuiBox-root css-0"
        data-mui-internal-clone-element="true"
      >
        <button
          class="MuiButtonBase-root Mui-disabled MuiButtonGroup-grouped MuiButtonGroup-groupedHorizontal MuiButtonGroup-groupedOutlined MuiButtonGroup-groupedOutlinedHorizontal MuiButtonGroup-groupedOutlinedPrimary MuiButton-root MuiButton-outlined MuiButton-outlinedPrimary MuiButton-sizeMedium MuiButton-outlinedSizeMedium MuiButton-colorPrimary MuiButtonGroup-grouped MuiButtonGroup-groupedHorizontal MuiButtonGroup-groupedOutlined MuiButtonGroup-groupedOutlinedHorizontal MuiButtonGroup-groupedOutlinedPrimary css-1blvszr-MuiButtonBase-root-MuiButton-root"
          data-testid="ring-splitbutton"
          disabled=""
          tabindex="-1"
          type="button"
        >
          Main Action
        </button>
      </div>
    </div>
  </div>
</div>
`;

exports[`Components: SplitButton > should render component with main action visible 1`] = `
<div>
  <div
    class="ring-split-button MuiBox-root css-1g7kd96"
  >
    <div
      aria-label="split button"
      class="MuiButtonGroup-root MuiButtonGroup-outlined MuiButtonGroup-horizontal MuiButtonGroup-colorPrimary css-1joretd-MuiButtonGroup-root"
      role="group"
    >
      <div
        class="MuiBox-root css-0"
        data-mui-internal-clone-element="true"
      >
        <button
          class="MuiButtonBase-root MuiButtonGroup-grouped MuiButtonGroup-groupedHorizontal MuiButtonGroup-groupedOutlined MuiButtonGroup-groupedOutlinedHorizontal MuiButtonGroup-groupedOutlinedPrimary MuiButton-root MuiButton-outlined MuiButton-outlinedPrimary MuiButton-sizeMedium MuiButton-outlinedSizeMedium MuiButton-colorPrimary MuiButtonGroup-grouped MuiButtonGroup-groupedHorizontal MuiButtonGroup-groupedOutlined MuiButtonGroup-groupedOutlinedHorizontal MuiButtonGroup-groupedOutlinedPrimary MuiButtonGroup-firstButton css-1blvszr-MuiButtonBase-root-MuiButton-root"
          data-testid="ring-splitbutton"
          tabindex="0"
          type="button"
        >
          Main Action
        </button>
      </div>
      <button
        aria-haspopup="menu"
        aria-label="split button dropdown"
        class="MuiButtonBase-root MuiButtonGroup-grouped MuiButtonGroup-groupedHorizontal MuiButtonGroup-groupedOutlined MuiButtonGroup-groupedOutlinedHorizontal MuiButtonGroup-groupedOutlinedPrimary MuiButton-root MuiButton-outlined MuiButton-outlinedPrimary MuiButton-sizeSmall MuiButton-outlinedSizeSmall MuiButton-colorPrimary MuiButtonGroup-grouped MuiButtonGroup-groupedHorizontal MuiButtonGroup-groupedOutlined MuiButtonGroup-groupedOutlinedHorizontal MuiButtonGroup-groupedOutlinedPrimary MuiButtonGroup-lastButton css-wyro15-MuiButtonBase-root-MuiButton-root"
        data-testid="ring-splitbutton-dropdown"
        tabindex="0"
        type="button"
      >
        <svg
          aria-hidden="true"
          class="MuiSvgIcon-root MuiSvgIcon-fontSizeMedium css-1umw9bq-MuiSvgIcon-root"
          data-testid="ArrowDropDownIcon"
          focusable="false"
          viewBox="0 0 24 24"
        >
          <path
            d="m7 10 5 5 5-5z"
          />
        </svg>
      </button>
    </div>
  </div>
</div>
`;
